
> locataire-2-confiance@1.0.0 build
> next build

  Ôû▓ Next.js 14.2.35
  - Environments: .env

   Creating an optimized production build ...
npm : Failed to 
compile.
Au caractère Ligne:1 
: 1
+ npm run build > 
build_error.log 2>&1
+ ~~~~~~~~~~~~~~~~~~~~
~~~~~~~~~~~~~~~~
    + CategoryInfo    
          : NotSpeci  
  fied: (Failed to    
 compile.:String)     
[], RemoteExcepti    
on
    + FullyQualifiedE 
   rrorId : NativeCo  
  mmandError
 

./src/components/dashb
oard/admin-document-ac
tions.tsx
Error: 
  [31mx[0m You're 
importing a component 
that needs useState. 
It only works in a 
Client Component but 
none of its parents 
are marked with "use 
client", so they're 
Server Components by 
default.
  [31m|[0m Learn 
more: https://nextjs.o
rg/docs/getting-starte
d/react-essentials
  [31m|[0m 
  [31m|[0m 
   ,-[[36;1;4mC:\User
s\hadri\Desktop\cagebo
x_test\locataire-2-con
fiance\src\components\
dashboard\admin-docume
nt-actions.tsx[0m:1:1
]
 [2m1[0m | import { 
useState } from 
"react";
   : [31;1m         
^^^^^^^^[0m
 [2m2[0m | import { 
useRouter } from 
"next/navigation";
 [2m3[0m | import { 
Check, X } from 
"lucide-react";
 [2m3[0m | import { 
toast } from "sonner";
   `----

  [31mx[0m You're 
importing a component 
that needs useRouter. 
It only works in a 
Client Component but 
none of its parents 
are marked with "use 
client", so they're 
Server Components by 
default.
  [31m|[0m Learn 
more: https://nextjs.o
rg/docs/getting-starte
d/react-essentials
  [31m|[0m 
  [31m|[0m 
   ,-[[36;1;4mC:\User
s\hadri\Desktop\cagebo
x_test\locataire-2-con
fiance\src\components\
dashboard\admin-docume
nt-actions.tsx[0m:1:1
]
 [2m1[0m | import { 
useState } from 
"react";
 [2m2[0m | import { 
useRouter } from 
"next/navigation";
   : [31;1m         
^^^^^^^^^[0m
 [2m3[0m | import { 
Check, X } from 
"lucide-react";
 [2m4[0m | import { 
toast } from "sonner";
 [2m4[0m | 
   `----

Import trace for 
requested module:
./src/components/dashb
oard/admin-document-ac
tions.tsx
./src/app/(dashboard)/
admin/users/[userId]/p
age.tsx

./src/components/dashb
oard/admin-user-action
s.tsx
Error: 
  [31mx[0m You're 
importing a component 
that needs useState. 
It only works in a 
Client Component but 
none of its parents 
are marked with "use 
client", so they're 
Server Components by 
default.
  [31m|[0m Learn 
more: https://nextjs.o
rg/docs/getting-starte
d/react-essentials
  [31m|[0m 
  [31m|[0m 
   ,-[[36;1;4mC:\User
s\hadri\Desktop\cagebo
x_test\locataire-2-con
fiance\src\components\
dashboard\admin-user-a
ctions.tsx[0m:1:1]
 [2m1[0m | import { 
useState } from 
"react";
   : [31;1m         
^^^^^^^^[0m
 [2m2[0m | import { 
useRouter } from 
"next/navigation";
 [2m3[0m | import { 
Ban, CheckCircle } 
from "lucide-react";
 [2m3[0m | import { 
toast } from "sonner";
   `----

  [31mx[0m You're 
importing a component 
that needs useRouter. 
It only works in a 
Client Component but 
none of its parents 
are marked with "use 
client", so they're 
Server Components by 
default.
  [31m|[0m Learn 
more: https://nextjs.o
rg/docs/getting-starte
d/react-essentials
  [31m|[0m 
  [31m|[0m 
   ,-[[36;1;4mC:\User
s\hadri\Desktop\cagebo
x_test\locataire-2-con
fiance\src\components\
dashboard\admin-user-a
ctions.tsx[0m:1:1]
 [2m1[0m | import { 
useState } from 
"react";
 [2m2[0m | import { 
useRouter } from 
"next/navigation";
   : [31;1m         
^^^^^^^^^[0m
 [2m3[0m | import { 
Ban, CheckCircle } 
from "lucide-react";
 [2m4[0m | import { 
toast } from "sonner";
 [2m4[0m | 
   `----

Import trace for 
requested module:
./src/components/dashb
oard/admin-user-action
s.tsx
./src/app/(dashboard)/
admin/users/[userId]/p
age.tsx


> Build failed 
because of webpack 
errors
